%!Adobe-FontList 1.25
%Locale:0x409

%BeginFont
Handler:DirectoryHandler
FontType:Invalid
OutlineFileName:/Users/jennifermerrell/Library/CloudStorage/Dropbox/_Jennifer Jade Lim Merrell - for CLAUDE/Portfolio website redesign/JenniferJadeLimMerrell_2024 Folder/Document fonts/AdobeFnt25.lst
FileLength:719
FileModTime:798011673
%EndFont

%BeginFont
Handler:DirectoryHandler
FontType:Type1
FontName:MinionPro-Regular
FamilyName:Minion Pro
StyleName:Regular
MenuName:Minion Pro
StyleBits:0
WeightClass:400
WidthClass:5
AngleClass:0
FullName:Minion Pro
WritingScript:Roman
OutlineFileName:/Users/jennifermerrell/Library/CloudStorage/Dropbox/_Jennifer Jade Lim Merrell - for CLAUDE/Portfolio website redesign/JenniferJadeLimMerrell_2024 Folder/Document fonts/MinionPro-Regular.otf
DataFormat:sfntData
UsesStandardEncoding:yes
isCFF:yes
hasSVG:no
hasSBIX:no
hasCOLR:no
VariableFontType:NonVariableFont
FileLength:218640
FileModTime:791853537
DesignSize:110
NameArray:0,Mac,4,Minion Pro
NameArray:0,Win,1,Minion Pro
%EndFont

